============================================================
Environment Check
============================================================
CLIENT_ID present: True
CLIENT_ID length: 72
CLIENT_SECRET present: True
CLIENT_SECRET length: 35

============================================================
Testing GSC Service Flow
============================================================

Scopes configured: ['https://www.googleapis.com/auth/webmasters.readonly', 'openid', 'email', 'profile']
Client config keys: ['client_id', 'client_secret', 'auth_uri', 'token_uri']

[OK] Flow object created successfully
Flow redirect_uri: postmessage
Flow scopes: ['https://www.googleapis.com/auth/webmasters.readonly', 'openid', 'email', 'profile']

============================================================
Testing Token Exchange (with dummy code - expected to fail)
============================================================

[EXPECTED ERROR] Token exchange failed:
Error type: InvalidGrantError
Error message: (invalid_grant) Malformed auth code.

[DIAGNOSIS] This is an INVALID_GRANT error!
The authorization code may have expired or been used already.

============================================================
Test Complete
============================================================
